2025-03-14 19:17:16 POST Data: Array
(
    [assignment_id] => 7
    [ratings] => Array
        (
            [1] => 1
            [2] => 1
            [3] => 1
            [4] => 1
            [5] => 1
            [6] => 1
            [7] => 1
            [8] => 1
            [9] => 1
        )

    [comments] => Array
        (
            [1] => 1
            [2] => 1
            [3] => 1
            [4] => 1
            [5] => 1
            [6] => 1
            [7] => 1
            [8] => 1
            [9] => 1
        )

)

2025-03-14 19:17:16 Processed Data: Appraisal ID: 7, Ratings: Array
(
    [1] => 1
    [2] => 1
    [3] => 1
    [4] => 1
    [5] => 1
    [6] => 1
    [7] => 1
    [8] => 1
    [9] => 1
)
Comments: Array
(
    [1] => 1
    [2] => 1
    [3] => 1
    [4] => 1
    [5] => 1
    [6] => 1
    [7] => 1
    [8] => 1
    [9] => 1
)

2025-03-14 19:17:16 Updating assignment status for ID: 7
2025-03-14 19:17:16 Inserting rating - Criteria: 1, Rating: 1
2025-03-14 19:17:16 Error: Table 'employees_management.ratings' doesn't exist
2025-03-14 19:18:12 POST Data: Array
(
    [assignment_id] => 7
    [ratings] => Array
        (
            [1] => 1
            [2] => 1
            [3] => 1
            [4] => 1
            [5] => 1
            [6] => 1
            [7] => 1
            [8] => 1
            [9] => 1
        )

    [comments] => Array
        (
            [1] => 1
            [2] => 1
            [3] => 1
            [4] => 1
            [5] => 1
            [6] => 1
            [7] => 1
            [8] => 1
            [9] => 1
        )

)

2025-03-14 19:18:12 Processed Data: Appraisal ID: 7, Ratings: Array
(
    [1] => 1
    [2] => 1
    [3] => 1
    [4] => 1
    [5] => 1
    [6] => 1
    [7] => 1
    [8] => 1
    [9] => 1
)
Comments: Array
(
    [1] => 1
    [2] => 1
    [3] => 1
    [4] => 1
    [5] => 1
    [6] => 1
    [7] => 1
    [8] => 1
    [9] => 1
)

2025-03-14 19:18:55 POST Data: Array
(
    [assignment_id] => 7
    [ratings] => Array
        (
            [1] => 1
            [2] => 1
            [3] => 1
            [4] => 1
            [5] => 1
            [6] => 1
            [7] => 1
            [8] => 1
            [9] => 1
        )

    [comments] => Array
        (
            [1] => 1
            [2] => 1
            [3] => 1
            [4] => 1
            [5] => 1
            [6] => 1
            [7] => 1
            [8] => 1
            [9] => 1
        )

)

2025-03-14 19:18:55 Processed Data: Appraisal ID: 7, Ratings: Array
(
    [1] => 1
    [2] => 1
    [3] => 1
    [4] => 1
    [5] => 1
    [6] => 1
    [7] => 1
    [8] => 1
    [9] => 1
)
Comments: Array
(
    [1] => 1
    [2] => 1
    [3] => 1
    [4] => 1
    [5] => 1
    [6] => 1
    [7] => 1
    [8] => 1
    [9] => 1
)

2025-03-14 19:20:06 POST Data: Array
(
    [assignment_id] => 7
    [ratings] => Array
        (
            [1] => 1
            [2] => 1
            [3] => 1
            [4] => 1
            [5] => 1
            [6] => 1
            [7] => 1
            [8] => 1
            [9] => 1
        )

    [comments] => Array
        (
            [1] => 1
            [2] => 1
            [3] => 1
            [4] => 1
            [5] => 1
            [6] => 1
            [7] => 1
            [8] => 1
            [9] => 1
        )

)

2025-03-14 19:20:06 Processed Data: Appraisal ID: 7, Ratings: Array
(
    [1] => 1
    [2] => 1
    [3] => 1
    [4] => 1
    [5] => 1
    [6] => 1
    [7] => 1
    [8] => 1
    [9] => 1
)
Comments: Array
(
    [1] => 1
    [2] => 1
    [3] => 1
    [4] => 1
    [5] => 1
    [6] => 1
    [7] => 1
    [8] => 1
    [9] => 1
)

2025-03-14 19:20:46 POST Data: Array
(
    [assignment_id] => 7
    [ratings] => Array
        (
            [1] => 1
            [2] => 1
            [3] => 1
            [4] => 1
            [5] => 1
            [6] => 1
            [7] => 1
            [8] => 1
            [9] => 1
        )

    [comments] => Array
        (
            [1] => 1
            [2] => 1
            [3] => 1
            [4] => 1
            [5] => 1
            [6] => 1
            [7] => 1
            [8] => 1
            [9] => 1
        )

)

2025-03-14 19:20:46 Processed Data: Appraisal ID: 7, Ratings: Array
(
    [1] => 1
    [2] => 1
    [3] => 1
    [4] => 1
    [5] => 1
    [6] => 1
    [7] => 1
    [8] => 1
    [9] => 1
)
Comments: Array
(
    [1] => 1
    [2] => 1
    [3] => 1
    [4] => 1
    [5] => 1
    [6] => 1
    [7] => 1
    [8] => 1
    [9] => 1
)

2025-03-14 19:21:42 POST Data: Array
(
    [assignment_id] => 7
    [ratings] => Array
        (
            [1] => 1
            [2] => 1
            [3] => 1
            [4] => 1
            [5] => 1
            [6] => 1
            [7] => 1
            [8] => 1
            [9] => 1
        )

    [comments] => Array
        (
            [1] => 1
            [2] => 1
            [3] => 1
            [4] => 1
            [5] => 1
            [6] => 1
            [7] => 1
            [8] => 1
            [9] => 1
        )

)

2025-03-14 19:21:42 Processed Data: Appraisal ID: 7, Ratings: Array
(
    [1] => 1
    [2] => 1
    [3] => 1
    [4] => 1
    [5] => 1
    [6] => 1
    [7] => 1
    [8] => 1
    [9] => 1
)
Comments: Array
(
    [1] => 1
    [2] => 1
    [3] => 1
    [4] => 1
    [5] => 1
    [6] => 1
    [7] => 1
    [8] => 1
    [9] => 1
)

2025-03-14 19:22:28 POST Data: Array
(
    [assignment_id] => 7
    [ratings] => Array
        (
            [1] => 1
            [2] => 1
            [3] => 1
            [4] => 1
            [5] => 1
            [6] => 1
            [7] => 1
            [8] => 1
            [9] => 1
        )

    [comments] => Array
        (
            [1] => 1
            [2] => 1
            [3] => 1
            [4] => 1
            [5] => 1
            [6] => 1
            [7] => 1
            [8] => 1
            [9] => 1
        )

)

2025-03-14 19:22:28 Processed Data: Appraisal ID: 7, Ratings: Array
(
    [1] => 1
    [2] => 1
    [3] => 1
    [4] => 1
    [5] => 1
    [6] => 1
    [7] => 1
    [8] => 1
    [9] => 1
)
Comments: Array
(
    [1] => 1
    [2] => 1
    [3] => 1
    [4] => 1
    [5] => 1
    [6] => 1
    [7] => 1
    [8] => 1
    [9] => 1
)

Assignment ID: 7, Employee ID: U07
Period ID: 7
2025-03-14 19:23:40 POST Data: Array
(
    [assignment_id] => 7
    [ratings] => Array
        (
            [1] => 1
            [2] => 1
            [3] => 1
            [4] => 1
            [5] => 1
            [6] => 1
            [7] => 1
            [8] => 1
            [9] => 1
        )

    [comments] => Array
        (
            [1] => 1
            [2] => 1
            [3] => 1
            [4] => 1
            [5] => 1
            [6] => 1
            [7] => 1
            [8] => 1
            [9] => 1
        )

)

2025-03-14 19:23:40 Processed Data: Appraisal ID: 7, Ratings: Array
(
    [1] => 1
    [2] => 1
    [3] => 1
    [4] => 1
    [5] => 1
    [6] => 1
    [7] => 1
    [8] => 1
    [9] => 1
)
Comments: Array
(
    [1] => 1
    [2] => 1
    [3] => 1
    [4] => 1
    [5] => 1
    [6] => 1
    [7] => 1
    [8] => 1
    [9] => 1
)

2025-03-14 19:24:54 POST Data: Array
(
    [assignment_id] => 7
    [ratings] => Array
        (
            [1] => 1
            [2] => 1
            [3] => 1
            [4] => 1
            [5] => 1
            [6] => 1
            [7] => 1
            [8] => 1
            [9] => 1
        )

    [comments] => Array
        (
            [1] => 1
            [2] => 1
            [3] => 1
            [4] => 1
            [5] => 1
            [6] => 1
            [7] => 1
            [8] => 1
            [9] => 1
        )

)

2025-03-14 19:24:54 Processed Data: Appraisal ID: 7, Ratings: Array
(
    [1] => 1
    [2] => 1
    [3] => 1
    [4] => 1
    [5] => 1
    [6] => 1
    [7] => 1
    [8] => 1
    [9] => 1
)
Comments: Array
(
    [1] => 1
    [2] => 1
    [3] => 1
    [4] => 1
    [5] => 1
    [6] => 1
    [7] => 1
    [8] => 1
    [9] => 1
)

